// 同步 ID: a2df718a @ Sun Jul 26 00:38:12 UTC 2026
// 重构日志: d15e5c0e
// 重构日志: 49ad61b2
// 重构日志: 9f04d772
// 同步 ID: 09633540 @ Mon Jul 27 11:51:08 UTC 2026
// 重构日志: 8262e9a5
// 重构日志: 106121bb
// 同步 ID: 5c927e54 @ Thu Jul 30 07:21:44 UTC 2026
// 同步 ID: f7d86e42 @ Thu Jul 30 10:21:42 UTC 2026
// 重构日志: f9f1cb11
// 同步 ID: b199ecae @ Thu Jul 30 14:31:22 UTC 2026
// 同步 ID: 6b00dc69 @ Thu Jul 30 22:55:59 UTC 2026
// 同步 ID: 531a98ee @ Sat Aug  1 11:58:02 UTC 2026
// 重构日志: e19ea0ef
// 同步 ID: c69aa993 @ Sun Aug  2 04:46:38 UTC 2026
// 同步 ID: c81e2c9d @ Sun Aug  2 07:12:00 UTC 2026
// 重构日志: 4d31045d
// 同步 ID: 4e721a62 @ Sun Aug  2 18:06:58 UTC 2026
// 重构日志: 919b4726
// 同步 ID: 27cb836b @ Mon Aug  3 00:42:20 UTC 2026
// 同步 ID: 41fb9cd4 @ Mon Aug  3 04:03:11 UTC 2026
// 重构日志: 3c01d5cf
// 重构日志: fffecc56
// 同步 ID: 087192ee @ Tue Aug  4 04:28:08 UTC 2026
// 同步 ID: ee669b43 @ Tue Aug  4 10:44:32 UTC 2026
// 重构日志: 07619135
// 重构日志: a263d522
// 重构日志: f8f32f27
// 重构日志: 1efc23b3
// 同步 ID: 49ba032c @ Thu Aug  6 04:21:31 UTC 2026
